pos3ql starting
  listen_addr  127.0.0.1:19600
  data_dir     /var/folders/93/f1fz6s6969gbkd8m9tph1rfw0000gn/T//pos3ql-performance.88EAKd/data-warm
memory plan:
  memtable     16 MiB
  tables       656205580 B
  block cache  32 MiB
  connections  196714304 B
  server       76836160 B
  total        980087692 B
  disk cache   2 GiB (disk, not RAM)
  temp spill   128 MiB (local ephemeral disk)
startup complete: memory frozen (930476072 B of 980087692 B budget drawn); accepting connections
checkpoint_phase lsn=2632 phase=value_indexes slot=0 started_ns=1790017885037696000 ended_ns=1790017885048030000 elapsed_us=10334 block_gets=0 block_puts=2 deleted=0
checkpoint_phase lsn=2632 phase=row_sst_full slot=0 started_ns=1790017885048036000 ended_ns=1790017885884333583 elapsed_us=836297 block_gets=0 block_puts=177 deleted=0
checkpoint_phase lsn=2632 phase=manifest slot=-1 started_ns=1790017885884351000 ended_ns=1790017885888129792 elapsed_us=3778 block_gets=0 block_puts=0 deleted=0
checkpoint_phase lsn=2632 phase=local_cleanup slot=-1 started_ns=1790017885888139000 ended_ns=1790017885888297958 elapsed_us=158 block_gets=0 block_puts=0 deleted=0
checkpoint_phase lsn=2632 phase=commit_prune slot=-1 started_ns=1790017886005273000 ended_ns=1790017886067098667 elapsed_us=61825 block_gets=0 block_puts=0 deleted=16
checkpoint_phase lsn=2632 phase=commit_prune slot=-1 started_ns=1790017886175803000 ended_ns=1790017886207666917 elapsed_us=31863 block_gets=0 block_puts=0 deleted=10
checkpoint_phase lsn=2632 phase=legacy_gc slot=-1 started_ns=1790017886381005000 ended_ns=1790017886386348958 elapsed_us=5343 block_gets=0 block_puts=0 deleted=0
checkpoint_phase lsn=3440 phase=gc_keep slot=-1 started_ns=1790017886493158000 ended_ns=1790017886493222625 elapsed_us=64 block_gets=0 block_puts=0 deleted=0
checkpoint_phase lsn=3440 phase=gc_list slot=-1 started_ns=1790017886493235000 ended_ns=1790017886498669167 elapsed_us=5434 block_gets=0 block_puts=0 deleted=0
checkpoint_phase lsn=3440 phase=gc_delete slot=-1 started_ns=1790017886498684000 ended_ns=1790017886498684458 elapsed_us=0 block_gets=0 block_puts=0 deleted=0
checkpoint_phase lsn=5258 phase=value_indexes slot=0 started_ns=1790017887450452000 ended_ns=1790017887854189542 elapsed_us=403737 block_gets=86 block_puts=2 deleted=0
checkpoint_phase lsn=5258 phase=row_sst_delta slot=0 started_ns=1790017887854198000 ended_ns=1790017888677113750 elapsed_us=822915 block_gets=0 block_puts=177 deleted=0
checkpoint_phase lsn=5258 phase=manifest slot=-1 started_ns=1790017888677128000 ended_ns=1790017888681002083 elapsed_us=3874 block_gets=0 block_puts=0 deleted=0
checkpoint_phase lsn=5258 phase=local_cleanup slot=-1 started_ns=1790017888681023000 ended_ns=1790017888681171125 elapsed_us=148 block_gets=0 block_puts=0 deleted=0
checkpoint_phase lsn=5258 phase=commit_prune slot=-1 started_ns=1790017888795846000 ended_ns=1790017888857504833 elapsed_us=61658 block_gets=0 block_puts=0 deleted=16
checkpoint_phase lsn=5258 phase=commit_prune slot=-1 started_ns=1790017888968339000 ended_ns=1790017888999486542 elapsed_us=31147 block_gets=0 block_puts=0 deleted=10
checkpoint_phase lsn=5258 phase=legacy_gc slot=-1 started_ns=1790017889108203000 ended_ns=1790017889115599000 elapsed_us=7396 block_gets=0 block_puts=0 deleted=0
checkpoint_phase lsn=6066 phase=gc_keep slot=-1 started_ns=1790017889225919000 ended_ns=1790017889226002709 elapsed_us=83 block_gets=0 block_puts=0 deleted=0
checkpoint_phase lsn=6066 phase=gc_list slot=-1 started_ns=1790017889226016000 ended_ns=1790017889234724375 elapsed_us=8708 block_gets=0 block_puts=0 deleted=0
checkpoint_phase lsn=6066 phase=gc_delete slot=-1 started_ns=1790017889234737000 ended_ns=1790017889241586291 elapsed_us=6849 block_gets=0 block_puts=0 deleted=2
checkpoint_phase lsn=7884 phase=value_indexes slot=0 started_ns=1790017890264425000 ended_ns=1790017890750342750 elapsed_us=485917 block_gets=86 block_puts=2 deleted=0
checkpoint_phase lsn=7884 phase=row_sst_delta slot=0 started_ns=1790017890750358000 ended_ns=1790017891567442583 elapsed_us=817084 block_gets=0 block_puts=177 deleted=0
checkpoint_phase lsn=7884 phase=manifest slot=-1 started_ns=1790017891567475000 ended_ns=1790017891570673875 elapsed_us=3198 block_gets=0 block_puts=0 deleted=0
checkpoint_phase lsn=7884 phase=local_cleanup slot=-1 started_ns=1790017891570690000 ended_ns=1790017891570843250 elapsed_us=153 block_gets=0 block_puts=0 deleted=0
checkpoint_phase lsn=7884 phase=commit_prune slot=-1 started_ns=1790017891688257000 ended_ns=1790017891756143333 elapsed_us=67886 block_gets=0 block_puts=0 deleted=16
checkpoint_phase lsn=7884 phase=commit_prune slot=-1 started_ns=1790017891862239000 ended_ns=1790017891893341583 elapsed_us=31102 block_gets=0 block_puts=0 deleted=10
checkpoint_phase lsn=7884 phase=legacy_gc slot=-1 started_ns=1790017892052552000 ended_ns=1790017892060458666 elapsed_us=7906 block_gets=0 block_puts=0 deleted=0
checkpoint_phase lsn=8692 phase=gc_keep slot=-1 started_ns=1790017892168398000 ended_ns=1790017892168519875 elapsed_us=121 block_gets=0 block_puts=0 deleted=0
checkpoint_phase lsn=8692 phase=gc_list slot=-1 started_ns=1790017892168530000 ended_ns=1790017892178844583 elapsed_us=10314 block_gets=0 block_puts=0 deleted=0
checkpoint_phase lsn=8692 phase=gc_delete slot=-1 started_ns=1790017892178867000 ended_ns=1790017892185491542 elapsed_us=6624 block_gets=0 block_puts=0 deleted=2
checkpoint_phase lsn=10510 phase=value_indexes slot=0 started_ns=1790017893154799000 ended_ns=1790017893781843666 elapsed_us=627044 block_gets=86 block_puts=2 deleted=0
checkpoint_phase lsn=10510 phase=row_sst_delta slot=0 started_ns=1790017893781856000 ended_ns=1790017894641583583 elapsed_us=859727 block_gets=0 block_puts=177 deleted=0
checkpoint_phase lsn=10510 phase=manifest slot=-1 started_ns=1790017894641611000 ended_ns=1790017894645688750 elapsed_us=4077 block_gets=0 block_puts=0 deleted=0
checkpoint_phase lsn=10510 phase=local_cleanup slot=-1 started_ns=1790017894645704000 ended_ns=1790017894645954333 elapsed_us=250 block_gets=0 block_puts=0 deleted=0
checkpoint_phase lsn=10510 phase=commit_prune slot=-1 started_ns=1790017894760113000 ended_ns=1790017894827162792 elapsed_us=67049 block_gets=0 block_puts=0 deleted=16
checkpoint_phase lsn=10510 phase=commit_prune slot=-1 started_ns=1790017894931045000 ended_ns=1790017894962485375 elapsed_us=31440 block_gets=0 block_puts=0 deleted=10
checkpoint_phase lsn=10510 phase=legacy_gc slot=-1 started_ns=1790017895071424000 ended_ns=1790017895081732125 elapsed_us=10308 block_gets=0 block_puts=0 deleted=0
checkpoint_phase lsn=11318 phase=gc_keep slot=-1 started_ns=1790017895186745000 ended_ns=1790017895186893625 elapsed_us=148 block_gets=0 block_puts=0 deleted=0
checkpoint_phase lsn=11318 phase=gc_list slot=-1 started_ns=1790017895186907000 ended_ns=1790017895199586334 elapsed_us=12679 block_gets=0 block_puts=0 deleted=0
checkpoint_phase lsn=11318 phase=gc_delete slot=-1 started_ns=1790017895199612000 ended_ns=1790017895205762625 elapsed_us=6150 block_gets=0 block_puts=0 deleted=2
checkpoint_phase lsn=11722 phase=value_indexes slot=0 started_ns=1790017895475122000 ended_ns=1790017896237998791 elapsed_us=762876 block_gets=86 block_puts=16 deleted=0
checkpoint_phase lsn=11722 phase=row_sst_delta slot=0 started_ns=1790017896238018000 ended_ns=1790017896628455000 elapsed_us=390437 block_gets=0 block_puts=83 deleted=0
checkpoint_phase lsn=12126 phase=value_indexes slot=0 started_ns=1790017897262299000 ended_ns=1790017897740601833 elapsed_us=478302 block_gets=0 block_puts=16 deleted=0
checkpoint_phase lsn=12126 phase=row_sst_delta slot=0 started_ns=1790017897740612000 ended_ns=1790017897886519209 elapsed_us=145907 block_gets=0 block_puts=31 deleted=0
checkpoint_phase lsn=12530 phase=value_indexes slot=0 started_ns=1790017898460509000 ended_ns=1790017898937775208 elapsed_us=477266 block_gets=0 block_puts=16 deleted=0
checkpoint_phase lsn=12530 phase=row_sst_delta slot=0 started_ns=1790017898937789000 ended_ns=1790017899086301958 elapsed_us=148512 block_gets=0 block_puts=31 deleted=0
checkpoint_phase lsn=12934 phase=value_indexes slot=0 started_ns=1790017899645054000 ended_ns=1790017900123342459 elapsed_us=478288 block_gets=0 block_puts=16 deleted=0
checkpoint_phase lsn=12934 phase=row_sst_delta slot=0 started_ns=1790017900123366000 ended_ns=1790017900268949708 elapsed_us=145583 block_gets=0 block_puts=31 deleted=0
checkpoint_phase lsn=13338 phase=value_indexes slot=0 started_ns=1790017900850700000 ended_ns=1790017901328126292 elapsed_us=477426 block_gets=0 block_puts=16 deleted=0
checkpoint_phase lsn=13338 phase=row_sst_delta slot=0 started_ns=1790017901328137000 ended_ns=1790017902194451208 elapsed_us=866314 block_gets=0 block_puts=191 deleted=0
checkpoint_phase lsn=13742 phase=value_indexes slot=0 started_ns=1790017902773597000 ended_ns=1790017903251230875 elapsed_us=477633 block_gets=0 block_puts=16 deleted=0
checkpoint_phase lsn=13742 phase=row_sst_delta slot=0 started_ns=1790017903251241000 ended_ns=1790017903399143709 elapsed_us=147902 block_gets=0 block_puts=31 deleted=0
checkpoint_phase lsn=13944 phase=value_indexes slot=0 started_ns=1790017903844584000 ended_ns=1790017904334581125 elapsed_us=489997 block_gets=0 block_puts=16 deleted=0
checkpoint_phase lsn=13944 phase=row_sst_delta slot=0 started_ns=1790017904334592000 ended_ns=1790017904416050083 elapsed_us=81458 block_gets=0 block_puts=17 deleted=0
checkpoint_phase lsn=13944 phase=manifest slot=-1 started_ns=1790017904993335000 ended_ns=1790017904999279833 elapsed_us=5944 block_gets=0 block_puts=0 deleted=0
checkpoint_phase lsn=13944 phase=local_cleanup slot=-1 started_ns=1790017904999351000 ended_ns=1790017905000360041 elapsed_us=1009 block_gets=0 block_puts=0 deleted=0
checkpoint_phase lsn=13944 phase=commit_prune slot=-1 started_ns=1790017905121137000 ended_ns=1790017905200624708 elapsed_us=79487 block_gets=0 block_puts=0 deleted=16
checkpoint_phase lsn=13944 phase=commit_prune slot=-1 started_ns=1790017905311125000 ended_ns=1790017905360341417 elapsed_us=49216 block_gets=0 block_puts=0 deleted=16
checkpoint_phase lsn=13944 phase=commit_prune slot=-1 started_ns=1790017905470344000 ended_ns=1790017905477023375 elapsed_us=6679 block_gets=0 block_puts=0 deleted=2
checkpoint_phase lsn=13944 phase=legacy_gc slot=-1 started_ns=1790017905586712000 ended_ns=1790017905600798292 elapsed_us=14086 block_gets=0 block_puts=0 deleted=0
checkpoint_phase lsn=14954 phase=gc_keep slot=-1 started_ns=1790017905768506000 ended_ns=1790017905768744958 elapsed_us=238 block_gets=0 block_puts=0 deleted=0
checkpoint_phase lsn=14954 phase=gc_list slot=-1 started_ns=1790017905768760000 ended_ns=1790017905801822875 elapsed_us=33062 block_gets=0 block_puts=0 deleted=0
checkpoint_phase lsn=14954 phase=gc_delete slot=-1 started_ns=1790017905801841000 ended_ns=1790017905852406542 elapsed_us=50565 block_gets=0 block_puts=0 deleted=16
checkpoint_phase lsn=15156 phase=gc_delete slot=-1 started_ns=1790017905964607000 ended_ns=1790017906012674750 elapsed_us=48067 block_gets=0 block_puts=0 deleted=16
checkpoint_phase lsn=15358 phase=gc_delete slot=-1 started_ns=1790017906122479000 ended_ns=1790017906174199292 elapsed_us=51720 block_gets=0 block_puts=0 deleted=16
checkpoint_phase lsn=15560 phase=gc_delete slot=-1 started_ns=1790017906281736000 ended_ns=1790017906332207416 elapsed_us=50471 block_gets=0 block_puts=0 deleted=16
checkpoint_phase lsn=15762 phase=gc_delete slot=-1 started_ns=1790017906440379000 ended_ns=1790017906490586625 elapsed_us=50207 block_gets=0 block_puts=0 deleted=16
checkpoint_phase lsn=15964 phase=gc_delete slot=-1 started_ns=1790017906600799000 ended_ns=1790017906650728084 elapsed_us=49929 block_gets=0 block_puts=0 deleted=16
checkpoint_phase lsn=16166 phase=gc_delete slot=-1 started_ns=1790017906761340000 ended_ns=1790017906810267167 elapsed_us=48927 block_gets=0 block_puts=0 deleted=16
checkpoint_phase lsn=16368 phase=gc_delete slot=-1 started_ns=1790017906921786000 ended_ns=1790017906971795458 elapsed_us=50009 block_gets=0 block_puts=0 deleted=16
checkpoint_phase lsn=16570 phase=gc_delete slot=-1 started_ns=1790017907082138000 ended_ns=1790017907134055584 elapsed_us=51917 block_gets=0 block_puts=0 deleted=16
checkpoint_phase lsn=16772 phase=gc_delete slot=-1 started_ns=1790017907244015000 ended_ns=1790017907294452500 elapsed_us=50437 block_gets=0 block_puts=0 deleted=16
checkpoint_phase lsn=16974 phase=gc_delete slot=-1 started_ns=1790017907405644000 ended_ns=1790017907437165417 elapsed_us=31521 block_gets=0 block_puts=0 deleted=10
checkpoint_phase lsn=17378 phase=value_indexes slot=0 started_ns=1790017907985755000 ended_ns=1790017908989813625 elapsed_us=1004058 block_gets=114 block_puts=18 deleted=0
checkpoint_phase lsn=17378 phase=row_sst_delta slot=0 started_ns=1790017908989829000 ended_ns=1790017910105969917 elapsed_us=1116140 block_gets=0 block_puts=231 deleted=0
checkpoint_phase lsn=17378 phase=manifest slot=-1 started_ns=1790017910465090000 ended_ns=1790017910468868042 elapsed_us=3778 block_gets=0 block_puts=0 deleted=0
checkpoint_phase lsn=17378 phase=local_cleanup slot=-1 started_ns=1790017910468881000 ended_ns=1790017910469390875 elapsed_us=509 block_gets=0 block_puts=0 deleted=0
checkpoint_phase lsn=17378 phase=commit_prune slot=-1 started_ns=1790017910589706000 ended_ns=1790017910672774667 elapsed_us=83068 block_gets=0 block_puts=0 deleted=16
checkpoint_phase lsn=17378 phase=commit_prune slot=-1 started_ns=1790017910780319000 ended_ns=1790017910831355000 elapsed_us=51036 block_gets=0 block_puts=0 deleted=16
checkpoint_phase lsn=17378 phase=commit_prune slot=-1 started_ns=1790017910942834000 ended_ns=1790017910949527583 elapsed_us=6693 block_gets=0 block_puts=0 deleted=2
checkpoint_phase lsn=17378 phase=legacy_gc slot=-1 started_ns=1790017911054356000 ended_ns=1790017911069371250 elapsed_us=15015 block_gets=0 block_puts=0 deleted=0
checkpoint_phase lsn=18388 phase=gc_keep slot=-1 started_ns=1790017911175940000 ended_ns=1790017911176272875 elapsed_us=332 block_gets=0 block_puts=0 deleted=0
checkpoint_phase lsn=18388 phase=gc_list slot=-1 started_ns=1790017911176283000 ended_ns=1790017911209169792 elapsed_us=32886 block_gets=0 block_puts=0 deleted=0
checkpoint_phase lsn=18388 phase=gc_delete slot=-1 started_ns=1790017911209191000 ended_ns=1790017911259295166 elapsed_us=50104 block_gets=0 block_puts=0 deleted=16
checkpoint_phase lsn=18590 phase=gc_delete slot=-1 started_ns=1790017911369859000 ended_ns=1790017911372508417 elapsed_us=2649 block_gets=0 block_puts=0 deleted=1
checkpoint_phase lsn=18994 phase=value_indexes slot=0 started_ns=1790017911927239000 ended_ns=1790017913045043166 elapsed_us=1117804 block_gets=114 block_puts=17 deleted=0
checkpoint_phase lsn=18994 phase=row_sst_full slot=0 started_ns=1790017913045058000 ended_ns=1790017945904931916 elapsed_us=32859873 block_gets=7543 block_puts=1257 deleted=0
checkpoint_phase lsn=19398 phase=value_indexes slot=0 started_ns=1790017946564608000 ended_ns=1790017950686190750 elapsed_us=4121582 block_gets=924 block_puts=18 deleted=0
checkpoint_phase lsn=19398 phase=row_sst_delta slot=0 started_ns=1790017950686225000 ended_ns=1790017950832485500 elapsed_us=146260 block_gets=0 block_puts=31 deleted=0
checkpoint_phase lsn=19802 phase=value_indexes slot=0 started_ns=1790017951418654000 ended_ns=1790017952172751166 elapsed_us=754097 block_gets=0 block_puts=18 deleted=0
checkpoint_phase lsn=19802 phase=row_sst_delta slot=0 started_ns=1790017952172766000 ended_ns=1790017952320578166 elapsed_us=147812 block_gets=0 block_puts=31 deleted=0
checkpoint_phase lsn=20206 phase=value_indexes slot=0 started_ns=1790017952586676000 ended_ns=1790017953342884125 elapsed_us=756208 block_gets=0 block_puts=18 deleted=0
checkpoint_phase lsn=20206 phase=row_sst_delta slot=0 started_ns=1790017953342897000 ended_ns=1790017953487919875 elapsed_us=145022 block_gets=0 block_puts=31 deleted=0
checkpoint_phase lsn=20218 phase=value_indexes slot=0 started_ns=1790017955973793000 ended_ns=1790017957503005750 elapsed_us=1529212 block_gets=0 block_puts=38 deleted=0
checkpoint_phase lsn=20218 phase=row_sst_delta slot=0 started_ns=1790017957503029000 ended_ns=1790017957509582000 elapsed_us=6553 block_gets=0 block_puts=0 deleted=0
checkpoint_phase lsn=20230 phase=value_indexes slot=0 started_ns=1790017960800203000 ended_ns=1790017962601830083 elapsed_us=1801627 block_gets=0 block_puts=106 deleted=0
checkpoint_phase lsn=20230 phase=row_sst_delta slot=0 started_ns=1790017962601932000 ended_ns=1790017962608488083 elapsed_us=6556 block_gets=0 block_puts=0 deleted=0
checkpoint_phase lsn=20242 phase=value_indexes slot=0 started_ns=1790017966265704000 ended_ns=1790017968332758209 elapsed_us=2067054 block_gets=0 block_puts=188 deleted=0
checkpoint_phase lsn=20242 phase=row_sst_delta slot=0 started_ns=1790017968332788000 ended_ns=1790017968339408375 elapsed_us=6620 block_gets=0 block_puts=0 deleted=0
checkpoint_phase lsn=20254 phase=value_indexes slot=0 started_ns=1790017972297983000 ended_ns=1790017974155877917 elapsed_us=1857894 block_gets=0 block_puts=129 deleted=0
checkpoint_phase lsn=20254 phase=row_sst_delta slot=0 started_ns=1790017974155899000 ended_ns=1790017974162331500 elapsed_us=6432 block_gets=0 block_puts=0 deleted=0
checkpoint_phase lsn=20266 phase=value_indexes slot=0 started_ns=1790017978074693000 ended_ns=1790017981663118542 elapsed_us=3588425 block_gets=0 block_puts=628 deleted=0
checkpoint_phase lsn=20266 phase=row_sst_delta slot=0 started_ns=1790017981666123000 ended_ns=1790017981673651500 elapsed_us=7528 block_gets=0 block_puts=0 deleted=0
checkpoint_phase lsn=20278 phase=value_indexes slot=0 started_ns=1790017985587870000 ended_ns=1790017988287949125 elapsed_us=2700079 block_gets=0 block_puts=364 deleted=0
checkpoint_phase lsn=20278 phase=row_sst_delta slot=0 started_ns=1790017988289400000 ended_ns=1790017988295829625 elapsed_us=6429 block_gets=0 block_puts=0 deleted=0
checkpoint_phase lsn=20290 phase=value_indexes slot=0 started_ns=1790017992451710000 ended_ns=1790017994217847083 elapsed_us=1766137 block_gets=0 block_puts=106 deleted=0
checkpoint_phase lsn=20290 phase=row_sst_delta slot=0 started_ns=1790017994218489000 ended_ns=1790017994225008875 elapsed_us=6519 block_gets=0 block_puts=0 deleted=0
checkpoint_phase lsn=20302 phase=value_indexes slot=0 started_ns=1790017998494829000 ended_ns=1790018000427630083 elapsed_us=1932801 block_gets=0 block_puts=150 deleted=0
checkpoint_phase lsn=20302 phase=row_sst_delta slot=0 started_ns=1790018000428113000 ended_ns=1790018000434484666 elapsed_us=6371 block_gets=0 block_puts=0 deleted=0
checkpoint_phase lsn=20312 phase=value_indexes slot=0 started_ns=1790018003497127000 ended_ns=1790018004289168958 elapsed_us=792041 block_gets=0 block_puts=23 deleted=0
checkpoint_phase lsn=20312 phase=row_sst_delta slot=0 started_ns=1790018004289324000 ended_ns=1790018004295740333 elapsed_us=6416 block_gets=0 block_puts=0 deleted=0
checkpoint_phase lsn=20312 phase=manifest slot=-1 started_ns=1790018004499112000 ended_ns=1790018004502688459 elapsed_us=3576 block_gets=0 block_puts=0 deleted=0
checkpoint_phase lsn=20312 phase=local_cleanup slot=-1 started_ns=1790018004502701000 ended_ns=1790018004502858333 elapsed_us=157 block_gets=0 block_puts=0 deleted=0
checkpoint_phase lsn=20312 phase=commit_prune slot=-1 started_ns=1790018004502863000 ended_ns=1790018004631353541 elapsed_us=128490 block_gets=0 block_puts=0 deleted=16
checkpoint_phase lsn=20312 phase=commit_prune slot=-1 started_ns=1790018004631393000 ended_ns=1790018004683819208 elapsed_us=52426 block_gets=0 block_puts=0 deleted=16
checkpoint_phase lsn=20312 phase=commit_prune slot=-1 started_ns=1790018004683844000 ended_ns=1790018004735768250 elapsed_us=51924 block_gets=0 block_puts=0 deleted=16
checkpoint_phase lsn=20312 phase=commit_prune slot=-1 started_ns=1790018004735793000 ended_ns=1790018004788424792 elapsed_us=52631 block_gets=0 block_puts=0 deleted=16
checkpoint_phase lsn=20312 phase=legacy_gc slot=-1 started_ns=1790018004788452000 ended_ns=1790018004829484208 elapsed_us=41032 block_gets=0 block_puts=0 deleted=0
checkpoint_phase lsn=20312 phase=gc_keep slot=-1 started_ns=1790018004829512000 ended_ns=1790018004830699292 elapsed_us=1187 block_gets=0 block_puts=0 deleted=0
checkpoint_phase lsn=20312 phase=gc_list slot=-1 started_ns=1790018004830712000 ended_ns=1790018004992108208 elapsed_us=161396 block_gets=0 block_puts=0 deleted=0
checkpoint_phase lsn=20312 phase=gc_delete slot=-1 started_ns=1790018004992160000 ended_ns=1790018005040523083 elapsed_us=48363 block_gets=0 block_puts=0 deleted=16
checkpoint_phase lsn=20312 phase=gc_delete slot=-1 started_ns=1790018005040558000 ended_ns=1790018005087613500 elapsed_us=47055 block_gets=0 block_puts=0 deleted=16
checkpoint_phase lsn=20312 phase=gc_delete slot=-1 started_ns=1790018005087633000 ended_ns=1790018005130378541 elapsed_us=42745 block_gets=0 block_puts=0 deleted=16
checkpoint_phase lsn=20312 phase=gc_delete slot=-1 started_ns=1790018005130405000 ended_ns=1790018005181841709 elapsed_us=51436 block_gets=0 block_puts=0 deleted=16
checkpoint_phase lsn=20312 phase=gc_delete slot=-1 started_ns=1790018005181871000 ended_ns=1790018005230058375 elapsed_us=48187 block_gets=0 block_puts=0 deleted=16
checkpoint_phase lsn=20312 phase=gc_delete slot=-1 started_ns=1790018005230086000 ended_ns=1790018005271062958 elapsed_us=40976 block_gets=0 block_puts=0 deleted=16
checkpoint_phase lsn=20312 phase=gc_delete slot=-1 started_ns=1790018005271086000 ended_ns=1790018005321722834 elapsed_us=50636 block_gets=0 block_puts=0 deleted=16
checkpoint_phase lsn=20312 phase=gc_delete slot=-1 started_ns=1790018005321744000 ended_ns=1790018005372005166 elapsed_us=50261 block_gets=0 block_puts=0 deleted=16
checkpoint_phase lsn=20312 phase=gc_delete slot=-1 started_ns=1790018005372029000 ended_ns=1790018005416992292 elapsed_us=44963 block_gets=0 block_puts=0 deleted=16
checkpoint_phase lsn=20312 phase=gc_delete slot=-1 started_ns=1790018005417018000 ended_ns=1790018005461427667 elapsed_us=44409 block_gets=0 block_puts=0 deleted=16
checkpoint_phase lsn=20312 phase=gc_delete slot=-1 started_ns=1790018005461458000 ended_ns=1790018005511240958 elapsed_us=49782 block_gets=0 block_puts=0 deleted=16
checkpoint_phase lsn=20312 phase=gc_delete slot=-1 started_ns=1790018005511266000 ended_ns=1790018005559705125 elapsed_us=48439 block_gets=0 block_puts=0 deleted=16
checkpoint_phase lsn=20312 phase=gc_delete slot=-1 started_ns=1790018005559730000 ended_ns=1790018005608080417 elapsed_us=48350 block_gets=0 block_puts=0 deleted=16
checkpoint_phase lsn=20312 phase=gc_delete slot=-1 started_ns=1790018005608108000 ended_ns=1790018005659179292 elapsed_us=51071 block_gets=0 block_puts=0 deleted=16
checkpoint_phase lsn=20312 phase=gc_delete slot=-1 started_ns=1790018005659204000 ended_ns=1790018005708028417 elapsed_us=48824 block_gets=0 block_puts=0 deleted=16
checkpoint_phase lsn=20312 phase=gc_delete slot=-1 started_ns=1790018005708054000 ended_ns=1790018005757463333 elapsed_us=49409 block_gets=0 block_puts=0 deleted=16
checkpoint_phase lsn=20312 phase=gc_delete slot=-1 started_ns=1790018005757492000 ended_ns=1790018005804003166 elapsed_us=46511 block_gets=0 block_puts=0 deleted=16
checkpoint_phase lsn=20312 phase=gc_delete slot=-1 started_ns=1790018005804033000 ended_ns=1790018005856224166 elapsed_us=52191 block_gets=0 block_puts=0 deleted=16
checkpoint_phase lsn=20312 phase=gc_delete slot=-1 started_ns=1790018005856253000 ended_ns=1790018005900469041 elapsed_us=44216 block_gets=0 block_puts=0 deleted=16
checkpoint_phase lsn=20312 phase=gc_delete slot=-1 started_ns=1790018005900493000 ended_ns=1790018005947133791 elapsed_us=46640 block_gets=0 block_puts=0 deleted=16
checkpoint_phase lsn=20312 phase=gc_delete slot=-1 started_ns=1790018005947166000 ended_ns=1790018006005246459 elapsed_us=58080 block_gets=0 block_puts=0 deleted=16
checkpoint_phase lsn=20312 phase=gc_delete slot=-1 started_ns=1790018006005273000 ended_ns=1790018006056113584 elapsed_us=50840 block_gets=0 block_puts=0 deleted=16
checkpoint_phase lsn=20312 phase=gc_delete slot=-1 started_ns=1790018006056136000 ended_ns=1790018006104611208 elapsed_us=48475 block_gets=0 block_puts=0 deleted=16
checkpoint_phase lsn=20312 phase=gc_delete slot=-1 started_ns=1790018006104634000 ended_ns=1790018006143277000 elapsed_us=38643 block_gets=0 block_puts=0 deleted=16
checkpoint_phase lsn=20312 phase=gc_delete slot=-1 started_ns=1790018006143301000 ended_ns=1790018006188897625 elapsed_us=45596 block_gets=0 block_puts=0 deleted=16
checkpoint_phase lsn=20312 phase=gc_delete slot=-1 started_ns=1790018006188917000 ended_ns=1790018006242476625 elapsed_us=53559 block_gets=0 block_puts=0 deleted=16
checkpoint_phase lsn=20312 phase=gc_delete slot=-1 started_ns=1790018006242527000 ended_ns=1790018006290606458 elapsed_us=48079 block_gets=0 block_puts=0 deleted=16
checkpoint_phase lsn=20312 phase=gc_delete slot=-1 started_ns=1790018006290626000 ended_ns=1790018006342951750 elapsed_us=52325 block_gets=0 block_puts=0 deleted=16
checkpoint_phase lsn=20312 phase=gc_delete slot=-1 started_ns=1790018006342976000 ended_ns=1790018006394686709 elapsed_us=51710 block_gets=0 block_puts=0 deleted=16
checkpoint_phase lsn=20312 phase=gc_delete slot=-1 started_ns=1790018006394711000 ended_ns=1790018006445189125 elapsed_us=50478 block_gets=0 block_puts=0 deleted=16
checkpoint_phase lsn=20312 phase=gc_delete slot=-1 started_ns=1790018006445210000 ended_ns=1790018006494583958 elapsed_us=49373 block_gets=0 block_puts=0 deleted=16
checkpoint_phase lsn=20312 phase=gc_delete slot=-1 started_ns=1790018006494607000 ended_ns=1790018006544005209 elapsed_us=49398 block_gets=0 block_puts=0 deleted=16
checkpoint_phase lsn=20312 phase=gc_delete slot=-1 started_ns=1790018006544027000 ended_ns=1790018006592958459 elapsed_us=48931 block_gets=0 block_puts=0 deleted=16
checkpoint_phase lsn=20312 phase=gc_delete slot=-1 started_ns=1790018006592983000 ended_ns=1790018006669522375 elapsed_us=76539 block_gets=0 block_puts=0 deleted=16
checkpoint_phase lsn=20312 phase=gc_delete slot=-1 started_ns=1790018006669549000 ended_ns=1790018006720207083 elapsed_us=50658 block_gets=0 block_puts=0 deleted=16
checkpoint_phase lsn=20312 phase=gc_delete slot=-1 started_ns=1790018006720227000 ended_ns=1790018006771179250 elapsed_us=50952 block_gets=0 block_puts=0 deleted=16
checkpoint_phase lsn=20312 phase=gc_delete slot=-1 started_ns=1790018006771200000 ended_ns=1790018006819539625 elapsed_us=48339 block_gets=0 block_puts=0 deleted=16
checkpoint_phase lsn=20312 phase=gc_delete slot=-1 started_ns=1790018006819568000 ended_ns=1790018006872463083 elapsed_us=52895 block_gets=0 block_puts=0 deleted=16
checkpoint_phase lsn=20312 phase=gc_delete slot=-1 started_ns=1790018006872489000 ended_ns=1790018006922125542 elapsed_us=49636 block_gets=0 block_puts=0 deleted=16
checkpoint_phase lsn=20312 phase=gc_delete slot=-1 started_ns=1790018006922153000 ended_ns=1790018006974566667 elapsed_us=52413 block_gets=0 block_puts=0 deleted=16
checkpoint_phase lsn=20312 phase=gc_delete slot=-1 started_ns=1790018006974591000 ended_ns=1790018007024738875 elapsed_us=50147 block_gets=0 block_puts=0 deleted=16
checkpoint_phase lsn=20312 phase=gc_delete slot=-1 started_ns=1790018007024767000 ended_ns=1790018007077625709 elapsed_us=52858 block_gets=0 block_puts=0 deleted=16
checkpoint_phase lsn=20312 phase=gc_delete slot=-1 started_ns=1790018007077654000 ended_ns=1790018007125209125 elapsed_us=47555 block_gets=0 block_puts=0 deleted=16
checkpoint_phase lsn=20312 phase=gc_delete slot=-1 started_ns=1790018007125234000 ended_ns=1790018007177194708 elapsed_us=51960 block_gets=0 block_puts=0 deleted=16
checkpoint_phase lsn=20312 phase=gc_delete slot=-1 started_ns=1790018007177222000 ended_ns=1790018007229268959 elapsed_us=52046 block_gets=0 block_puts=0 deleted=16
checkpoint_phase lsn=20312 phase=gc_delete slot=-1 started_ns=1790018007229295000 ended_ns=1790018007281811000 elapsed_us=52516 block_gets=0 block_puts=0 deleted=16
checkpoint_phase lsn=20312 phase=gc_delete slot=-1 started_ns=1790018007281841000 ended_ns=1790018007332342500 elapsed_us=50501 block_gets=0 block_puts=0 deleted=16
checkpoint_phase lsn=20312 phase=gc_delete slot=-1 started_ns=1790018007332375000 ended_ns=1790018007381937708 elapsed_us=49562 block_gets=0 block_puts=0 deleted=16
checkpoint_phase lsn=20312 phase=gc_delete slot=-1 started_ns=1790018007381965000 ended_ns=1790018007432617500 elapsed_us=50652 block_gets=0 block_puts=0 deleted=16
checkpoint_phase lsn=20312 phase=gc_delete slot=-1 started_ns=1790018007432644000 ended_ns=1790018007484439125 elapsed_us=51795 block_gets=0 block_puts=0 deleted=16
checkpoint_phase lsn=20312 phase=gc_delete slot=-1 started_ns=1790018007484487000 ended_ns=1790018007535311125 elapsed_us=50824 block_gets=0 block_puts=0 deleted=16
checkpoint_phase lsn=20312 phase=gc_delete slot=-1 started_ns=1790018007535337000 ended_ns=1790018007584588292 elapsed_us=49251 block_gets=0 block_puts=0 deleted=16
checkpoint_phase lsn=20312 phase=gc_delete slot=-1 started_ns=1790018007584615000 ended_ns=1790018007637588167 elapsed_us=52973 block_gets=0 block_puts=0 deleted=16
checkpoint_phase lsn=20312 phase=gc_delete slot=-1 started_ns=1790018007637614000 ended_ns=1790018007686675958 elapsed_us=49061 block_gets=0 block_puts=0 deleted=16
checkpoint_phase lsn=20312 phase=gc_delete slot=-1 started_ns=1790018007686703000 ended_ns=1790018007739312334 elapsed_us=52609 block_gets=0 block_puts=0 deleted=16
checkpoint_phase lsn=20312 phase=gc_delete slot=-1 started_ns=1790018007739339000 ended_ns=1790018007784263666 elapsed_us=44924 block_gets=0 block_puts=0 deleted=16
checkpoint_phase lsn=20312 phase=gc_delete slot=-1 started_ns=1790018007784289000 ended_ns=1790018007836193500 elapsed_us=51904 block_gets=0 block_puts=0 deleted=16
checkpoint_phase lsn=20312 phase=gc_delete slot=-1 started_ns=1790018007836221000 ended_ns=1790018007887546334 elapsed_us=51325 block_gets=0 block_puts=0 deleted=16
checkpoint_phase lsn=20312 phase=gc_delete slot=-1 started_ns=1790018007887573000 ended_ns=1790018007938555875 elapsed_us=50982 block_gets=0 block_puts=0 deleted=16
checkpoint_phase lsn=20312 phase=gc_delete slot=-1 started_ns=1790018007938583000 ended_ns=1790018007970070333 elapsed_us=31487 block_gets=0 block_puts=0 deleted=10
checkpoint_phase lsn=20312 phase=manifest slot=-1 started_ns=1790018009815446000 ended_ns=1790018009818709583 elapsed_us=3263 block_gets=0 block_puts=0 deleted=0
checkpoint_phase lsn=20312 phase=local_cleanup slot=-1 started_ns=1790018009818729000 ended_ns=1790018009818781417 elapsed_us=52 block_gets=0 block_puts=0 deleted=0
checkpoint_phase lsn=20312 phase=commit_prune slot=-1 started_ns=1790018009849693000 ended_ns=1790018009909143125 elapsed_us=59450 block_gets=0 block_puts=0 deleted=0
checkpoint_phase lsn=20312 phase=legacy_gc slot=-1 started_ns=1790018009940740000 ended_ns=1790018009969374666 elapsed_us=28634 block_gets=0 block_puts=0 deleted=0
checkpoint_phase lsn=20312 phase=gc_keep slot=-1 started_ns=1790018009999059000 ended_ns=1790018010000296042 elapsed_us=1237 block_gets=0 block_puts=0 deleted=0
checkpoint_phase lsn=20312 phase=gc_list slot=-1 started_ns=1790018010000308000 ended_ns=1790018010098345791 elapsed_us=98037 block_gets=0 block_puts=0 deleted=0
checkpoint_phase lsn=20312 phase=gc_delete slot=-1 started_ns=1790018010098374000 ended_ns=1790018010145192791 elapsed_us=46818 block_gets=0 block_puts=0 deleted=16
checkpoint_phase lsn=20312 phase=gc_delete slot=-1 started_ns=1790018010177926000 ended_ns=1790018010226148167 elapsed_us=48222 block_gets=0 block_puts=0 deleted=16
checkpoint_phase lsn=20312 phase=gc_delete slot=-1 started_ns=1790018010256425000 ended_ns=1790018010266478500 elapsed_us=10053 block_gets=0 block_puts=0 deleted=4
checkpoint_phase lsn=21016 phase=value_indexes slot=0 started_ns=1790018021536065000 ended_ns=1790018026423440333 elapsed_us=4887375 block_gets=556 block_puts=99 deleted=0
checkpoint_phase lsn=21016 phase=row_sst_delta slot=0 started_ns=1790018026423740000 ended_ns=1790018026555089625 elapsed_us=131349 block_gets=0 block_puts=27 deleted=0
checkpoint_phase lsn=21016 phase=manifest slot=-1 started_ns=1790018026555109000 ended_ns=1790018026558291583 elapsed_us=3182 block_gets=0 block_puts=0 deleted=0
checkpoint_phase lsn=21016 phase=local_cleanup slot=-1 started_ns=1790018026558303000 ended_ns=1790018026558373542 elapsed_us=70 block_gets=0 block_puts=0 deleted=0
checkpoint_phase lsn=21016 phase=commit_prune slot=-1 started_ns=1790018026558378000 ended_ns=1790018026673886958 elapsed_us=115508 block_gets=0 block_puts=0 deleted=16
checkpoint_phase lsn=21016 phase=commit_prune slot=-1 started_ns=1790018026673911000 ended_ns=1790018026725564458 elapsed_us=51653 block_gets=0 block_puts=0 deleted=16
checkpoint_phase lsn=21016 phase=commit_prune slot=-1 started_ns=1790018026725608000 ended_ns=1790018026774490125 elapsed_us=48882 block_gets=0 block_puts=0 deleted=16
checkpoint_phase lsn=21016 phase=commit_prune slot=-1 started_ns=1790018026774510000 ended_ns=1790018026819578792 elapsed_us=45068 block_gets=0 block_puts=0 deleted=16
checkpoint_phase lsn=21016 phase=commit_prune slot=-1 started_ns=1790018026819599000 ended_ns=1790018026868253834 elapsed_us=48654 block_gets=0 block_puts=0 deleted=16
checkpoint_phase lsn=21016 phase=commit_prune slot=-1 started_ns=1790018026868274000 ended_ns=1790018026915865458 elapsed_us=47591 block_gets=0 block_puts=0 deleted=16
checkpoint_phase lsn=21016 phase=commit_prune slot=-1 started_ns=1790018026915883000 ended_ns=1790018026969175666 elapsed_us=53292 block_gets=0 block_puts=0 deleted=16
checkpoint_phase lsn=21016 phase=commit_prune slot=-1 started_ns=1790018026969200000 ended_ns=1790018027020133458 elapsed_us=50933 block_gets=0 block_puts=0 deleted=16
checkpoint_phase lsn=21016 phase=commit_prune slot=-1 started_ns=1790018027020159000 ended_ns=1790018027071193000 elapsed_us=51034 block_gets=0 block_puts=0 deleted=16
checkpoint_phase lsn=21016 phase=commit_prune slot=-1 started_ns=1790018027071208000 ended_ns=1790018027120266875 elapsed_us=49058 block_gets=0 block_puts=0 deleted=16
checkpoint_phase lsn=21016 phase=commit_prune slot=-1 started_ns=1790018027120285000 ended_ns=1790018027165852750 elapsed_us=45567 block_gets=0 block_puts=0 deleted=16
checkpoint_phase lsn=21016 phase=commit_prune slot=-1 started_ns=1790018027165894000 ended_ns=1790018027214778000 elapsed_us=48884 block_gets=0 block_puts=0 deleted=16
checkpoint_phase lsn=21016 phase=commit_prune slot=-1 started_ns=1790018027214823000 ended_ns=1790018027247922458 elapsed_us=33099 block_gets=0 block_puts=0 deleted=12
checkpoint_phase lsn=21016 phase=legacy_gc slot=-1 started_ns=1790018027247937000 ended_ns=1790018027276985709 elapsed_us=29048 block_gets=0 block_puts=0 deleted=0
checkpoint_phase lsn=21016 phase=gc_keep slot=-1 started_ns=1790018027277002000 ended_ns=1790018027278194417 elapsed_us=1192 block_gets=0 block_puts=0 deleted=0
checkpoint_phase lsn=21016 phase=gc_list slot=-1 started_ns=1790018027278201000 ended_ns=1790018027377150667 elapsed_us=98949 block_gets=0 block_puts=0 deleted=0
checkpoint_phase lsn=21016 phase=gc_delete slot=-1 started_ns=1790018027377180000 ended_ns=1790018027422427000 elapsed_us=45247 block_gets=0 block_puts=0 deleted=16
checkpoint_phase lsn=21016 phase=gc_delete slot=-1 started_ns=1790018027422446000 ended_ns=1790018027473665916 elapsed_us=51219 block_gets=0 block_puts=0 deleted=16
checkpoint_phase lsn=21016 phase=gc_delete slot=-1 started_ns=1790018027473680000 ended_ns=1790018027523342250 elapsed_us=49662 block_gets=0 block_puts=0 deleted=16
checkpoint_phase lsn=21016 phase=gc_delete slot=-1 started_ns=1790018027523358000 ended_ns=1790018027574178958 elapsed_us=50820 block_gets=0 block_puts=0 deleted=16
checkpoint_phase lsn=21016 phase=gc_delete slot=-1 started_ns=1790018027574202000 ended_ns=1790018027626054833 elapsed_us=51852 block_gets=0 block_puts=0 deleted=16
checkpoint_phase lsn=21016 phase=gc_delete slot=-1 started_ns=1790018027626075000 ended_ns=1790018027667817625 elapsed_us=41742 block_gets=0 block_puts=0 deleted=13
checkpoint_phase lsn=21016 phase=manifest slot=-1 started_ns=1790018029126988000 ended_ns=1790018029130975542 elapsed_us=3987 block_gets=0 block_puts=0 deleted=0
checkpoint_phase lsn=21016 phase=local_cleanup slot=-1 started_ns=1790018029130992000 ended_ns=1790018029131051458 elapsed_us=59 block_gets=0 block_puts=0 deleted=0
checkpoint_phase lsn=21016 phase=commit_prune slot=-1 started_ns=1790018029131103000 ended_ns=1790018029190088959 elapsed_us=58985 block_gets=0 block_puts=0 deleted=0
checkpoint_phase lsn=21016 phase=legacy_gc slot=-1 started_ns=1790018029190181000 ended_ns=1790018029219907666 elapsed_us=29726 block_gets=0 block_puts=0 deleted=0
checkpoint_phase lsn=21032 phase=gc_keep slot=-1 started_ns=1790018029268756000 ended_ns=1790018029270197084 elapsed_us=1441 block_gets=0 block_puts=0 deleted=0
checkpoint_phase lsn=21032 phase=gc_list slot=-1 started_ns=1790018029270238000 ended_ns=1790018029369098500 elapsed_us=98860 block_gets=0 block_puts=0 deleted=0
checkpoint_phase lsn=21032 phase=gc_delete slot=-1 started_ns=1790018029369124000 ended_ns=1790018029418600959 elapsed_us=49476 block_gets=0 block_puts=0 deleted=16
checkpoint_phase lsn=21032 phase=gc_delete slot=-1 started_ns=1790018029420377000 ended_ns=1790018029471628000 elapsed_us=51251 block_gets=0 block_puts=0 deleted=16
checkpoint_phase lsn=21032 phase=gc_delete slot=-1 started_ns=1790018029472477000 ended_ns=1790018029485353291 elapsed_us=12876 block_gets=0 block_puts=0 deleted=4
checkpoint_phase lsn=21032 phase=value_indexes slot=0 started_ns=1790018029485374000 ended_ns=1790018032250329458 elapsed_us=2764955 block_gets=15 block_puts=71 deleted=0
checkpoint_phase lsn=21032 phase=row_sst_delta slot=0 started_ns=1790018032250453000 ended_ns=1790018032375120333 elapsed_us=124667 block_gets=0 block_puts=27 deleted=0
checkpoint_phase lsn=21032 phase=manifest slot=-1 started_ns=1790018032375137000 ended_ns=1790018032377956458 elapsed_us=2819 block_gets=0 block_puts=0 deleted=0
checkpoint_phase lsn=21032 phase=local_cleanup slot=-1 started_ns=1790018032377966000 ended_ns=1790018032378067458 elapsed_us=101 block_gets=0 block_puts=0 deleted=0
checkpoint_phase lsn=21032 phase=commit_prune slot=-1 started_ns=1790018032378079000 ended_ns=1790018032448439708 elapsed_us=70360 block_gets=0 block_puts=0 deleted=2
checkpoint_phase lsn=21032 phase=legacy_gc slot=-1 started_ns=1790018032448457000 ended_ns=1790018032481289125 elapsed_us=32832 block_gets=0 block_puts=0 deleted=0
checkpoint_phase lsn=21032 phase=gc_keep slot=-1 started_ns=1790018032481302000 ended_ns=1790018032482517625 elapsed_us=1215 block_gets=0 block_puts=0 deleted=0
checkpoint_phase lsn=21032 phase=gc_list slot=-1 started_ns=1790018032482531000 ended_ns=1790018032585201292 elapsed_us=102670 block_gets=0 block_puts=0 deleted=0
checkpoint_phase lsn=21032 phase=gc_delete slot=-1 started_ns=1790018032585224000 ended_ns=1790018032634341958 elapsed_us=49117 block_gets=0 block_puts=0 deleted=16
checkpoint_phase lsn=21032 phase=gc_delete slot=-1 started_ns=1790018032634358000 ended_ns=1790018032684829667 elapsed_us=50471 block_gets=0 block_puts=0 deleted=16
checkpoint_phase lsn=21032 phase=gc_delete slot=-1 started_ns=1790018032684849000 ended_ns=1790018032732822709 elapsed_us=47973 block_gets=0 block_puts=0 deleted=16
checkpoint_phase lsn=21032 phase=gc_delete slot=-1 started_ns=1790018032732843000 ended_ns=1790018032783443792 elapsed_us=50600 block_gets=0 block_puts=0 deleted=16
checkpoint_phase lsn=21032 phase=gc_delete slot=-1 started_ns=1790018032783465000 ended_ns=1790018032786868208 elapsed_us=3403 block_gets=0 block_puts=0 deleted=1
checkpoint_phase lsn=21032 phase=manifest slot=-1 started_ns=1790018033766795000 ended_ns=1790018033770543333 elapsed_us=3748 block_gets=0 block_puts=0 deleted=0
checkpoint_phase lsn=21032 phase=local_cleanup slot=-1 started_ns=1790018033770558000 ended_ns=1790018033770616792 elapsed_us=58 block_gets=0 block_puts=0 deleted=0
checkpoint_phase lsn=21032 phase=commit_prune slot=-1 started_ns=1790018033770620000 ended_ns=1790018033829592792 elapsed_us=58972 block_gets=0 block_puts=0 deleted=0
checkpoint_phase lsn=21032 phase=legacy_gc slot=-1 started_ns=1790018033829606000 ended_ns=1790018033858936375 elapsed_us=29330 block_gets=0 block_puts=0 deleted=0
checkpoint_phase lsn=21032 phase=gc_keep slot=-1 started_ns=1790018033858958000 ended_ns=1790018033860140459 elapsed_us=1182 block_gets=0 block_puts=0 deleted=0
checkpoint_phase lsn=21032 phase=gc_list slot=-1 started_ns=1790018033860157000 ended_ns=1790018033954993500 elapsed_us=94836 block_gets=0 block_puts=0 deleted=0
checkpoint_phase lsn=21032 phase=gc_delete slot=-1 started_ns=1790018033955016000 ended_ns=1790018033982896667 elapsed_us=27880 block_gets=0 block_puts=0 deleted=9
checkpoint_phase lsn=21048 phase=value_indexes slot=0 started_ns=1790018034047689000 ended_ns=1790018036717453333 elapsed_us=2669764 block_gets=0 block_puts=71 deleted=0
checkpoint_phase lsn=21048 phase=row_sst_delta slot=0 started_ns=1790018036717590000 ended_ns=1790018036840849459 elapsed_us=123259 block_gets=0 block_puts=27 deleted=0
checkpoint_phase lsn=21048 phase=manifest slot=-1 started_ns=1790018036840866000 ended_ns=1790018036843917875 elapsed_us=3051 block_gets=0 block_puts=0 deleted=0
checkpoint_phase lsn=21048 phase=local_cleanup slot=-1 started_ns=1790018036843942000 ended_ns=1790018036844063500 elapsed_us=121 block_gets=0 block_puts=0 deleted=0
checkpoint_phase lsn=21048 phase=commit_prune slot=-1 started_ns=1790018036844072000 ended_ns=1790018036919835417 elapsed_us=75763 block_gets=0 block_puts=0 deleted=4
checkpoint_phase lsn=21048 phase=legacy_gc slot=-1 started_ns=1790018036919850000 ended_ns=1790018036951031125 elapsed_us=31181 block_gets=0 block_puts=0 deleted=0
checkpoint_phase lsn=21048 phase=gc_keep slot=-1 started_ns=1790018036951043000 ended_ns=1790018036952249334 elapsed_us=1206 block_gets=0 block_puts=0 deleted=0
checkpoint_phase lsn=21048 phase=gc_list slot=-1 started_ns=1790018036952258000 ended_ns=1790018037054112583 elapsed_us=101854 block_gets=0 block_puts=0 deleted=0
checkpoint_phase lsn=21048 phase=gc_delete slot=-1 started_ns=1790018037054132000 ended_ns=1790018037103332750 elapsed_us=49200 block_gets=0 block_puts=0 deleted=16
checkpoint_phase lsn=21048 phase=gc_delete slot=-1 started_ns=1790018037103350000 ended_ns=1790018037153002875 elapsed_us=49652 block_gets=0 block_puts=0 deleted=16
checkpoint_phase lsn=21048 phase=gc_delete slot=-1 started_ns=1790018037153017000 ended_ns=1790018037205590250 elapsed_us=52573 block_gets=0 block_puts=0 deleted=16
checkpoint_phase lsn=21048 phase=gc_delete slot=-1 started_ns=1790018037205608000 ended_ns=1790018037252032500 elapsed_us=46424 block_gets=0 block_puts=0 deleted=16
checkpoint_phase lsn=21048 phase=gc_delete slot=-1 started_ns=1790018037252051000 ended_ns=1790018037255325083 elapsed_us=3274 block_gets=0 block_puts=0 deleted=1
checkpoint_phase lsn=21052 phase=value_indexes slot=0 started_ns=1790018037287994000 ended_ns=1790018039956877292 elapsed_us=2668883 block_gets=0 block_puts=71 deleted=0
checkpoint_phase lsn=21052 phase=row_sst_delta slot=0 started_ns=1790018039956964000 ended_ns=1790018040078222125 elapsed_us=121258 block_gets=0 block_puts=27 deleted=0
checkpoint_phase lsn=21064 phase=value_indexes slot=0 started_ns=1790018040115695000 ended_ns=1790018042784353750 elapsed_us=2668658 block_gets=0 block_puts=71 deleted=0
checkpoint_phase lsn=21064 phase=row_sst_delta slot=0 started_ns=1790018042784433000 ended_ns=1790018042809669500 elapsed_us=25236 block_gets=0 block_puts=5 deleted=0
checkpoint_phase lsn=21064 phase=manifest slot=-1 started_ns=1790018042834226000 ended_ns=1790018042837956500 elapsed_us=3730 block_gets=0 block_puts=0 deleted=0
checkpoint_phase lsn=21064 phase=local_cleanup slot=-1 started_ns=1790018042837968000 ended_ns=1790018042838068709 elapsed_us=100 block_gets=0 block_puts=0 deleted=0
checkpoint_phase lsn=21064 phase=commit_prune slot=-1 started_ns=1790018042861202000 ended_ns=1790018042934924416 elapsed_us=73722 block_gets=0 block_puts=0 deleted=4
checkpoint_phase lsn=21064 phase=legacy_gc slot=-1 started_ns=1790018042966722000 ended_ns=1790018042996796542 elapsed_us=30074 block_gets=0 block_puts=0 deleted=0
checkpoint_phase lsn=21080 phase=gc_keep slot=-1 started_ns=1790018042997758000 ended_ns=1790018042998943208 elapsed_us=1185 block_gets=0 block_puts=0 deleted=0
checkpoint_phase lsn=21080 phase=gc_list slot=-1 started_ns=1790018042998955000 ended_ns=1790018043099221750 elapsed_us=100266 block_gets=0 block_puts=0 deleted=0
checkpoint_phase lsn=21080 phase=gc_delete slot=-1 started_ns=1790018043099242000 ended_ns=1790018043151226042 elapsed_us=51984 block_gets=0 block_puts=0 deleted=16
checkpoint_phase lsn=21080 phase=gc_delete slot=-1 started_ns=1790018043152095000 ended_ns=1790018043203520166 elapsed_us=51425 block_gets=0 block_puts=0 deleted=16
checkpoint_phase lsn=21080 phase=gc_delete slot=-1 started_ns=1790018043204420000 ended_ns=1790018043256594875 elapsed_us=52174 block_gets=0 block_puts=0 deleted=16
checkpoint_phase lsn=21084 phase=gc_delete slot=-1 started_ns=1790018043278364000 ended_ns=1790018043328443166 elapsed_us=50079 block_gets=0 block_puts=0 deleted=16
checkpoint_phase lsn=21096 phase=gc_delete slot=-1 started_ns=1790018043351995000 ended_ns=1790018043402790500 elapsed_us=50795 block_gets=0 block_puts=0 deleted=16
checkpoint_phase lsn=21096 phase=gc_delete slot=-1 started_ns=1790018043403899000 ended_ns=1790018043430243084 elapsed_us=26344 block_gets=0 block_puts=0 deleted=8
checkpoint_phase lsn=21096 phase=value_indexes slot=0 started_ns=1790018043452105000 ended_ns=1790018046134976292 elapsed_us=2682871 block_gets=2 block_puts=73 deleted=0
checkpoint_phase lsn=21096 phase=row_sst_delta slot=0 started_ns=1790018046135047000 ended_ns=1790018046257904625 elapsed_us=122857 block_gets=0 block_puts=27 deleted=0
checkpoint_phase lsn=21112 phase=value_indexes slot=0 started_ns=1790018046332580000 ended_ns=1790018049028774917 elapsed_us=2696194 block_gets=0 block_puts=73 deleted=0
checkpoint_phase lsn=21112 phase=row_sst_delta slot=0 started_ns=1790018049028853000 ended_ns=1790018049052068708 elapsed_us=23215 block_gets=0 block_puts=5 deleted=0
checkpoint_phase lsn=21112 phase=manifest slot=-1 started_ns=1790018049073709000 ended_ns=1790018049077630625 elapsed_us=3921 block_gets=0 block_puts=0 deleted=0
checkpoint_phase lsn=21112 phase=local_cleanup slot=-1 started_ns=1790018049077643000 ended_ns=1790018049077762583 elapsed_us=119 block_gets=0 block_puts=0 deleted=0
checkpoint_phase lsn=21112 phase=commit_prune slot=-1 started_ns=1790018049078516000 ended_ns=1790018049179120625 elapsed_us=100604 block_gets=0 block_puts=0 deleted=12
checkpoint_phase lsn=21112 phase=legacy_gc slot=-1 started_ns=1790018049201672000 ended_ns=1790018049231876833 elapsed_us=30204 block_gets=0 block_puts=0 deleted=0
checkpoint_phase lsn=21128 phase=gc_keep slot=-1 started_ns=1790018049263388000 ended_ns=1790018049264595417 elapsed_us=1207 block_gets=0 block_puts=0 deleted=0
checkpoint_phase lsn=21128 phase=gc_list slot=-1 started_ns=1790018049264607000 ended_ns=1790018049366358958 elapsed_us=101751 block_gets=0 block_puts=0 deleted=0
checkpoint_phase lsn=21128 phase=gc_delete slot=-1 started_ns=1790018049366376000 ended_ns=1790018049418880000 elapsed_us=52504 block_gets=0 block_puts=0 deleted=16
checkpoint_phase lsn=21128 phase=gc_delete slot=-1 started_ns=1790018049419747000 ended_ns=1790018049472011459 elapsed_us=52264 block_gets=0 block_puts=0 deleted=16
checkpoint_phase lsn=21128 phase=gc_delete slot=-1 started_ns=1790018049473013000 ended_ns=1790018049522888542 elapsed_us=49875 block_gets=0 block_puts=0 deleted=16
checkpoint_phase lsn=21128 phase=gc_delete slot=-1 started_ns=1790018049523907000 ended_ns=1790018049573189375 elapsed_us=49282 block_gets=0 block_puts=0 deleted=16
checkpoint_phase lsn=21132 phase=gc_delete slot=-1 started_ns=1790018049595843000 ended_ns=1790018049645753750 elapsed_us=49910 block_gets=0 block_puts=0 deleted=16
checkpoint_phase lsn=21144 phase=gc_delete slot=-1 started_ns=1790018049675909000 ended_ns=1790018049707655334 elapsed_us=31746 block_gets=0 block_puts=0 deleted=10
checkpoint_phase lsn=21144 phase=value_indexes slot=0 started_ns=1790018049729146000 ended_ns=1790018052435942792 elapsed_us=2706796 block_gets=3 block_puts=73 deleted=0
checkpoint_phase lsn=21144 phase=row_sst_full slot=0 started_ns=1790018052436004000 ended_ns=1790018079936771542 elapsed_us=27500767 block_gets=6600 block_puts=1337 deleted=0
checkpoint_phase lsn=21148 phase=value_indexes slot=0 started_ns=1790018080103959000 ended_ns=1790018085594250542 elapsed_us=5490291 block_gets=759 block_puts=73 deleted=0
checkpoint_phase lsn=21148 phase=row_sst_delta slot=0 started_ns=1790018085594326000 ended_ns=1790018085620091208 elapsed_us=25765 block_gets=0 block_puts=5 deleted=0
checkpoint_phase lsn=21160 phase=value_indexes slot=0 started_ns=1790018085771183000 ended_ns=1790018088483599792 elapsed_us=2712416 block_gets=0 block_puts=73 deleted=0
checkpoint_phase lsn=21160 phase=row_sst_delta slot=0 started_ns=1790018088483654000 ended_ns=1790018088506528042 elapsed_us=22874 block_gets=0 block_puts=5 deleted=0
checkpoint_phase lsn=21168 phase=value_indexes slot=0 started_ns=1790018088643896000 ended_ns=1790018091370680666 elapsed_us=2726784 block_gets=0 block_puts=73 deleted=0
checkpoint_phase lsn=21168 phase=row_sst_delta slot=0 started_ns=1790018091370728000 ended_ns=1790018091394929500 elapsed_us=24201 block_gets=0 block_puts=5 deleted=0
checkpoint_phase lsn=21176 phase=value_indexes slot=0 started_ns=1790018091546497000 ended_ns=1790018094238255750 elapsed_us=2691758 block_gets=0 block_puts=73 deleted=0
checkpoint_phase lsn=21176 phase=row_sst_delta slot=0 started_ns=1790018094238294000 ended_ns=1790018094262985083 elapsed_us=24691 block_gets=0 block_puts=5 deleted=0
checkpoint_phase lsn=21176 phase=manifest slot=-1 started_ns=1790018094383689000 ended_ns=1790018094388028750 elapsed_us=4339 block_gets=0 block_puts=0 deleted=0
checkpoint_phase lsn=21176 phase=local_cleanup slot=-1 started_ns=1790018094388043000 ended_ns=1790018094388149250 elapsed_us=106 block_gets=0 block_puts=0 deleted=0
checkpoint_phase lsn=21176 phase=commit_prune slot=-1 started_ns=1790018094441382000 ended_ns=1790018094558425041 elapsed_us=117043 block_gets=0 block_puts=0 deleted=16
checkpoint_phase lsn=21176 phase=legacy_gc slot=-1 started_ns=1790018094664784000 ended_ns=1790018094698235791 elapsed_us=33451 block_gets=0 block_puts=0 deleted=0
checkpoint_phase lsn=21192 phase=gc_keep slot=-1 started_ns=1790018094748473000 ended_ns=1790018094923514083 elapsed_us=175041 block_gets=55 block_puts=0 deleted=0
checkpoint_phase lsn=21192 phase=gc_list slot=-1 started_ns=1790018094923536000 ended_ns=1790018095065359417 elapsed_us=141823 block_gets=0 block_puts=0 deleted=0
checkpoint_phase lsn=21192 phase=gc_delete slot=-1 started_ns=1790018095065385000 ended_ns=1790018095116965250 elapsed_us=51580 block_gets=0 block_puts=0 deleted=16
checkpoint_phase lsn=21208 phase=gc_delete slot=-1 started_ns=1790018095152415000 ended_ns=1790018095198936625 elapsed_us=46521 block_gets=0 block_puts=0 deleted=16
checkpoint_phase lsn=21208 phase=gc_delete slot=-1 started_ns=1790018095252654000 ended_ns=1790018095297602667 elapsed_us=44948 block_gets=0 block_puts=0 deleted=16
checkpoint_phase lsn=21208 phase=gc_delete slot=-1 started_ns=1790018095346782000 ended_ns=1790018095398915459 elapsed_us=52133 block_gets=0 block_puts=0 deleted=16
checkpoint_phase lsn=21208 phase=gc_delete slot=-1 started_ns=1790018095449216000 ended_ns=1790018095497467917 elapsed_us=48251 block_gets=0 block_puts=0 deleted=16
checkpoint_phase lsn=21216 phase=gc_delete slot=-1 started_ns=1790018095580478000 ended_ns=1790018095633041584 elapsed_us=52563 block_gets=0 block_puts=0 deleted=16
checkpoint_phase lsn=21224 phase=gc_delete slot=-1 started_ns=1790018095713295000 ended_ns=1790018095765701792 elapsed_us=52406 block_gets=0 block_puts=0 deleted=16
checkpoint_phase lsn=21224 phase=gc_delete slot=-1 started_ns=1790018095818199000 ended_ns=1790018095869804250 elapsed_us=51605 block_gets=0 block_puts=0 deleted=16
checkpoint_phase lsn=21224 phase=gc_delete slot=-1 started_ns=1790018095922590000 ended_ns=1790018095973802583 elapsed_us=51212 block_gets=0 block_puts=0 deleted=16
checkpoint_phase lsn=21224 phase=gc_delete slot=-1 started_ns=1790018096026461000 ended_ns=1790018096076053375 elapsed_us=49592 block_gets=0 block_puts=0 deleted=16
checkpoint_phase lsn=21240 phase=gc_delete slot=-1 started_ns=1790018096117194000 ended_ns=1790018096169143375 elapsed_us=51949 block_gets=0 block_puts=0 deleted=16
checkpoint_phase lsn=21240 phase=gc_delete slot=-1 started_ns=1790018096219540000 ended_ns=1790018096270348750 elapsed_us=50808 block_gets=0 block_puts=0 deleted=16
checkpoint_phase lsn=21240 phase=gc_delete slot=-1 started_ns=1790018096325095000 ended_ns=1790018096376314000 elapsed_us=51219 block_gets=0 block_puts=0 deleted=16
checkpoint_phase lsn=21240 phase=gc_delete slot=-1 started_ns=1790018096430515000 ended_ns=1790018096481053125 elapsed_us=50538 block_gets=0 block_puts=0 deleted=16
checkpoint_phase lsn=21256 phase=gc_delete slot=-1 started_ns=1790018096517276000 ended_ns=1790018096566539875 elapsed_us=49263 block_gets=0 block_puts=0 deleted=16
checkpoint_phase lsn=21256 phase=gc_delete slot=-1 started_ns=1790018096619007000 ended_ns=1790018096671185208 elapsed_us=52178 block_gets=0 block_puts=0 deleted=16
checkpoint_phase lsn=21256 phase=gc_delete slot=-1 started_ns=1790018096724730000 ended_ns=1790018096775798000 elapsed_us=51068 block_gets=0 block_puts=0 deleted=16
checkpoint_phase lsn=21256 phase=gc_delete slot=-1 started_ns=1790018096828712000 ended_ns=1790018096880379334 elapsed_us=51667 block_gets=0 block_puts=0 deleted=16
checkpoint_phase lsn=21264 phase=gc_delete slot=-1 started_ns=1790018096955552000 ended_ns=1790018097006792792 elapsed_us=51240 block_gets=0 block_puts=0 deleted=16
checkpoint_phase lsn=21272 phase=gc_delete slot=-1 started_ns=1790018097081305000 ended_ns=1790018097132057167 elapsed_us=50752 block_gets=0 block_puts=0 deleted=16
checkpoint_phase lsn=21272 phase=gc_delete slot=-1 started_ns=1790018097185712000 ended_ns=1790018097237199250 elapsed_us=51487 block_gets=0 block_puts=0 deleted=16
checkpoint_phase lsn=21272 phase=gc_delete slot=-1 started_ns=1790018097291419000 ended_ns=1790018097334713041 elapsed_us=43294 block_gets=0 block_puts=0 deleted=13
checkpoint_phase lsn=21272 phase=value_indexes slot=0 started_ns=1790018097387173000 ended_ns=1790018100546844167 elapsed_us=3159671 block_gets=133 block_puts=74 deleted=0
checkpoint_phase lsn=21272 phase=row_sst_delta slot=0 started_ns=1790018100546888000 ended_ns=1790018100676388583 elapsed_us=129500 block_gets=0 block_puts=27 deleted=0
checkpoint_phase lsn=21288 phase=value_indexes slot=0 started_ns=1790018100726667000 ended_ns=1790018103415589959 elapsed_us=2688922 block_gets=0 block_puts=75 deleted=0
checkpoint_phase lsn=21288 phase=row_sst_delta slot=0 started_ns=1790018103415627000 ended_ns=1790018103440190250 elapsed_us=24563 block_gets=0 block_puts=5 deleted=0
checkpoint_phase lsn=21288 phase=manifest slot=-1 started_ns=1790018103590590000 ended_ns=1790018103594480375 elapsed_us=3890 block_gets=0 block_puts=0 deleted=0
checkpoint_phase lsn=21288 phase=local_cleanup slot=-1 started_ns=1790018103594494000 ended_ns=1790018103594602584 elapsed_us=108 block_gets=0 block_puts=0 deleted=0
checkpoint_phase lsn=21288 phase=commit_prune slot=-1 started_ns=1790018103644416000 ended_ns=1790018103751280541 elapsed_us=106864 block_gets=0 block_puts=0 deleted=16
checkpoint_phase lsn=21288 phase=commit_prune slot=-1 started_ns=1790018103792766000 ended_ns=1790018103798433958 elapsed_us=5667 block_gets=0 block_puts=0 deleted=2
checkpoint_phase lsn=21288 phase=legacy_gc slot=-1 started_ns=1790018103841243000 ended_ns=1790018103872552667 elapsed_us=31309 block_gets=0 block_puts=0 deleted=0
checkpoint_phase lsn=21304 phase=gc_keep slot=-1 started_ns=1790018103928227000 ended_ns=1790018103929397750 elapsed_us=1170 block_gets=0 block_puts=0 deleted=0
checkpoint_phase lsn=21304 phase=gc_list slot=-1 started_ns=1790018103929410000 ended_ns=1790018104036426417 elapsed_us=107016 block_gets=0 block_puts=0 deleted=0
checkpoint_phase lsn=21304 phase=gc_delete slot=-1 started_ns=1790018104036453000 ended_ns=1790018104089584917 elapsed_us=53131 block_gets=0 block_puts=0 deleted=16
checkpoint_phase lsn=21304 phase=gc_delete slot=-1 started_ns=1790018104141668000 ended_ns=1790018104191287958 elapsed_us=49619 block_gets=0 block_puts=0 deleted=16
checkpoint_phase lsn=21304 phase=gc_delete slot=-1 started_ns=1790018104243404000 ended_ns=1790018104295022750 elapsed_us=51618 block_gets=0 block_puts=0 deleted=16
checkpoint_phase lsn=21320 phase=gc_delete slot=-1 started_ns=1790018104331981000 ended_ns=1790018104378763667 elapsed_us=46782 block_gets=0 block_puts=0 deleted=16
checkpoint_phase lsn=21320 phase=gc_delete slot=-1 started_ns=1790018104428186000 ended_ns=1790018104480897125 elapsed_us=52711 block_gets=0 block_puts=0 deleted=16
checkpoint_phase lsn=21320 phase=gc_delete slot=-1 started_ns=1790018104532830000 ended_ns=1790018104583220958 elapsed_us=50390 block_gets=0 block_puts=0 deleted=16
checkpoint_phase lsn=21320 phase=gc_delete slot=-1 started_ns=1790018104634839000 ended_ns=1790018104687244083 elapsed_us=52405 block_gets=0 block_puts=0 deleted=16
checkpoint_phase lsn=21320 phase=gc_delete slot=-1 started_ns=1790018104741521000 ended_ns=1790018104762605500 elapsed_us=21084 block_gets=0 block_puts=0 deleted=7
checkpoint_phase lsn=21336 phase=value_indexes slot=0 started_ns=1790018104949587000 ended_ns=1790018107649783917 elapsed_us=2700196 block_gets=5 block_puts=73 deleted=0
checkpoint_phase lsn=21336 phase=row_sst_delta slot=0 started_ns=1790018107649824000 ended_ns=1790018107776306542 elapsed_us=126482 block_gets=0 block_puts=27 deleted=0
checkpoint_phase lsn=21336 phase=manifest slot=-1 started_ns=1790018107847498000 ended_ns=1790018107851364459 elapsed_us=3866 block_gets=0 block_puts=0 deleted=0
checkpoint_phase lsn=21336 phase=local_cleanup slot=-1 started_ns=1790018107851377000 ended_ns=1790018107851511833 elapsed_us=134 block_gets=0 block_puts=0 deleted=0
checkpoint_phase lsn=21336 phase=commit_prune slot=-1 started_ns=1790018107851570000 ended_ns=1790018107933178333 elapsed_us=81608 block_gets=0 block_puts=0 deleted=6
checkpoint_phase lsn=21336 phase=legacy_gc slot=-1 started_ns=1790018107933285000 ended_ns=1790018107963178042 elapsed_us=29893 block_gets=0 block_puts=0 deleted=0
checkpoint_phase lsn=21336 phase=gc_keep slot=-1 started_ns=1790018107963297000 ended_ns=1790018107964471625 elapsed_us=1174 block_gets=0 block_puts=0 deleted=0
checkpoint_phase lsn=21336 phase=gc_list slot=-1 started_ns=1790018107964483000 ended_ns=1790018108061326209 elapsed_us=96843 block_gets=0 block_puts=0 deleted=0
checkpoint_phase lsn=21336 phase=gc_delete slot=-1 started_ns=1790018108061351000 ended_ns=1790018108112532166 elapsed_us=51181 block_gets=0 block_puts=0 deleted=16
checkpoint_phase lsn=21336 phase=gc_delete slot=-1 started_ns=1790018108112664000 ended_ns=1790018108162703542 elapsed_us=50039 block_gets=0 block_puts=0 deleted=16
checkpoint_phase lsn=21336 phase=gc_delete slot=-1 started_ns=1790018108162981000 ended_ns=1790018108213630916 elapsed_us=50649 block_gets=0 block_puts=0 deleted=16
pos3ql: shutdown requested, draining
checkpoint_phase lsn=21336 phase=gc_delete slot=-1 started_ns=1790018108213694000 ended_ns=1790018108265062250 elapsed_us=51368 block_gets=0 block_puts=0 deleted=16
checkpoint_phase lsn=21336 phase=gc_delete slot=-1 started_ns=1790018108265083000 ended_ns=1790018108303263792 elapsed_us=38180 block_gets=0 block_puts=0 deleted=12
checkpoint_phase lsn=21336 phase=manifest slot=-1 started_ns=1790018108424564000 ended_ns=1790018108427577875 elapsed_us=3013 block_gets=0 block_puts=0 deleted=0
checkpoint_phase lsn=21336 phase=local_cleanup slot=-1 started_ns=1790018108427591000 ended_ns=1790018108427686916 elapsed_us=95 block_gets=0 block_puts=0 deleted=0
checkpoint_phase lsn=21336 phase=commit_prune slot=-1 started_ns=1790018108427692000 ended_ns=1790018108497289958 elapsed_us=69597 block_gets=0 block_puts=0 deleted=0
checkpoint_phase lsn=21336 phase=legacy_gc slot=-1 started_ns=1790018108497314000 ended_ns=1790018108526439333 elapsed_us=29125 block_gets=0 block_puts=0 deleted=0
checkpoint_phase lsn=21336 phase=gc_keep slot=-1 started_ns=1790018108526451000 ended_ns=1790018108526601791 elapsed_us=150 block_gets=0 block_puts=0 deleted=0
checkpoint_phase lsn=21336 phase=gc_list slot=-1 started_ns=1790018108526605000 ended_ns=1790018108621525500 elapsed_us=94920 block_gets=0 block_puts=0 deleted=0
checkpoint_phase lsn=21336 phase=gc_delete slot=-1 started_ns=1790018108621535000 ended_ns=1790018108653693250 elapsed_us=32158 block_gets=0 block_puts=0 deleted=10
pos3ql: final checkpoint written
pos3ql: shutdown complete
