The files belonging to this database system will be owned by user "zardoz".
This user must also own the server process.

The database cluster will be initialized with this locale configuration:
  locale provider:   libc
  LC_COLLATE:  C
  LC_CTYPE:    C
  LC_MESSAGES: C.UTF-8
  LC_MONETARY: C.UTF-8
  LC_NUMERIC:  C.UTF-8
  LC_TIME:     C.UTF-8
The default text search configuration will be set to "english".

Data page checksums are enabled.

creating directory /tmp/pos3ql-postgresql18-baseline.Xkq1QL/data ... ok
creating subdirectories ... ok
selecting dynamic shared memory implementation ... posix
selecting default "max_connections" ... 100
selecting default "shared_buffers" ... 128MB
selecting default time zone ... Europe/Bucharest
creating configuration files ... ok
running bootstrap script ... ok
performing post-bootstrap initialization ... ok
syncing data to disk ... ok

Success. You can now start the database server using:

    '/opt/homebrew/opt/postgresql@18/bin/pg_ctl' -D /tmp/pos3ql-postgresql18-baseline.Xkq1QL/data -l logfile start
